2025-09-27 19:20:13,938 - Knowledge - INFO - Redis support added with prefix knowledge:b82065h:
2025-09-27 19:20:14,135 - Knowledge - INFO - load persisted knowledge: begin
2025-09-27 19:20:14,213 - Knowledge - INFO - load persisted knowledge: end
2025-09-27 19:20:14,312 - Knowledge - INFO - load persisted docinfo: begin
2025-09-27 19:20:14,394 - Knowledge - INFO - load persisted docinfo: end
2025-09-27 19:20:14,477 - Knowledge - INFO - worker kw1 created with dedicated MongoDB connection (total: 1)
2025-09-27 19:20:14,563 - Knowledge - INFO - knowledge worker kw1 start
2025-09-27 19:20:14,636 - Knowledge - INFO - worker kw1 pull /app/data/b2c/18195/b82065h/https-github.com-sergree-matchering.git-cd-matchering-18195/README.md from ingest queue
2025-09-27 19:20:14,751 - Knowledge - INFO - process ingested knowledge for /app/data/b2c/18195/b82065h/https-github.com-sergree-matchering.git-cd-matchering-18195/README.md
2025-09-27 19:20:14,848 - Knowledge - INFO - Found code-base-name: https://github.com/kavia-common/https-github.com-sergree-matchering.git-cd-matchering-18195.git:kavia-main
2025-09-27 19:20:14,916 - Knowledge - INFO - Found code_base: <app.utils.kg_build.knowledge.KnowledgeCodeBase object at 0x7f4d8b1ce650>
2025-09-27 19:20:15,035 - Knowledge - INFO - persist ingested knowledge for /app/data/b2c/18195/b82065h/https-github.com-sergree-matchering.git-cd-matchering-18195/README.md
2025-09-27 19:20:15,166 - Knowledge - INFO - adding /app/data/b2c/18195/b82065h/https-github.com-sergree-matchering.git-cd-matchering-18195/README.md to ingest queue
2025-09-27 19:20:15,282 - Knowledge - INFO - worker kw1 pull /app/data/b2c/18195/b82065h/https-github.com-sergree-matchering.git-cd-matchering-18195/README.md from ingest queue
2025-09-27 19:20:15,382 - Knowledge - INFO - Thread kw1 - File README.md - Remaining files in queue: 0
2025-09-27 19:20:15,450 - Knowledge - INFO - start ingest for /app/data/b2c/18195/b82065h/https-github.com-sergree-matchering.git-cd-matchering-18195/README.md
2025-09-27 19:20:15,525 - Knowledge - INFO - Fast-track processing for simple file: /app/data/b2c/18195/b82065h/https-github.com-sergree-matchering.git-cd-matchering-18195/README.md
2025-09-27 19:20:15,612 - Knowledge - INFO - done fast ingest for /app/data/b2c/18195/b82065h/https-github.com-sergree-matchering.git-cd-matchering-18195/README.md
2025-09-27 19:20:15,685 - Knowledge - INFO - process ingested knowledge for /app/data/b2c/18195/b82065h/https-github.com-sergree-matchering.git-cd-matchering-18195/README.md
2025-09-27 19:20:15,773 - Knowledge - INFO - Found code-base-name: https://github.com/kavia-common/https-github.com-sergree-matchering.git-cd-matchering-18195.git:kavia-main
2025-09-27 19:20:15,868 - Knowledge - INFO - Found code_base: <app.utils.kg_build.knowledge.KnowledgeCodeBase object at 0x7f4d8b1ce650>
2025-09-27 19:20:15,940 - Knowledge - INFO - persist ingested knowledge for /app/data/b2c/18195/b82065h/https-github.com-sergree-matchering.git-cd-matchering-18195/README.md
2025-09-27 19:20:16,127 - Knowledge - INFO - Knowledge creation complete
2025-09-27 19:20:16,220 - Knowledge - INFO - Updating org costs, total cost: 0
2025-09-27 19:20:17,170 - Knowledge - INFO - Saving knowledge to Redis...
2025-09-27 19:20:17,250 - Knowledge - INFO - Knowledge saved to Redis successfully
2025-09-27 19:40:50,485 - Knowledge - INFO - Redis support added with prefix knowledge:b82065h:
2025-09-27 19:40:50,742 - Knowledge - INFO - load persisted knowledge: begin
2025-09-27 19:40:50,830 - Knowledge - INFO - Persisted knowledge files in /app/data/b2c/18195/b82065h/https-github.com-sergree-matchering.git-cd-matchering-18195/.knowledge have been renamed to use .json
2025-09-27 19:40:50,946 - Knowledge - INFO - Found code-base-name: https://github.com/kavia-common/https-github.com-sergree-matchering.git-cd-matchering-18195.git:kavia-main
2025-09-27 19:40:51,039 - Knowledge - INFO - Found code_base: <app.utils.kg_build.knowledge.KnowledgeCodeBase object at 0x7f4ff99c63d0>
2025-09-27 19:40:51,130 - Knowledge - INFO - process ingested knowledge for /app/data/b2c/18195/b82065h/https-github.com-sergree-matchering.git-cd-matchering-18195/README.md
2025-09-27 19:40:51,254 - Knowledge - INFO - load persisted knowledge: end
2025-09-27 19:40:51,342 - Knowledge - INFO - load persisted docinfo: begin
2025-09-27 19:40:51,464 - Knowledge - INFO - load persisted docinfo: end
2025-09-27 19:40:51,550 - Knowledge - INFO - worker kw1 created with dedicated MongoDB connection (total: 1)
2025-09-27 19:40:51,663 - Knowledge - INFO - knowledge worker kw1 start
2025-09-27 19:40:51,757 - Knowledge - INFO - Knowledge creation complete
2025-09-27 19:40:51,869 - Knowledge - INFO - Updating org costs, total cost: 0
2025-09-27 19:40:52,672 - Knowledge - INFO - Saving knowledge to Redis...
2025-09-27 19:40:52,775 - Knowledge - INFO - Knowledge saved to Redis successfully
